[INFO] Scanning for projects...
[INFO] 
[INFO] -----------------------< edu.cit.daal:techtrack >-----------------------
[INFO] Building techtrack 0.0.1-SNAPSHOT
[INFO]   from pom.xml
[INFO] --------------------------------[ jar ]---------------------------------
[INFO] 
[INFO] >>> spring-boot:3.5.0:run (default-cli) > test-compile @ techtrack >>>
[INFO] 
[INFO] --- resources:3.3.1:resources (default-resources) @ techtrack ---
[INFO] Copying 1 resource from src\main\resources to target\classes
[INFO] Copying 11 resources from src\main\resources to target\classes
[INFO] 
[INFO] --- compiler:3.14.0:compile (default-compile) @ techtrack ---
[INFO] Nothing to compile - all classes are up to date.
[INFO] 
[INFO] --- resources:3.3.1:testResources (default-testResources) @ techtrack ---
[INFO] skip non existing resourceDirectory C:\Users\Wyben\Documents\IT342_TechTrack_G5_Daal\backend\src\test\resources
[INFO] 
[INFO] --- compiler:3.14.0:testCompile (default-testCompile) @ techtrack ---
[INFO] Nothing to compile - all classes are up to date.
[INFO] 
[INFO] <<< spring-boot:3.5.0:run (default-cli) < test-compile @ techtrack <<<
[INFO] 
[INFO] 
[INFO] --- spring-boot:3.5.0:run (default-cli) @ techtrack ---
[INFO] Attaching agents: []

  .   ____          _            __ _ _
 /\\ / ___'_ __ _ _(_)_ __  __ _ \ \ \ \
( ( )\___ | '_ | '_| | '_ \/ _` | \ \ \ \
 \\/  ___)| |_)| | | | | || (_| |  ) ) ) )
  '  |____| .__|_| |_|_| |_\__, | / / / /
 =========|_|==============|___/=/_/_/_/

 :: Spring Boot ::                (v3.5.0)

2026-05-11T22:16:22.357+08:00  INFO 12916 --- [techtrack-backend] [           main] e.cit.daal.techtrack.BackendApplication  : Starting BackendApplication using Java 25.0.2 with PID 12916 (C:\Users\Wyben\Documents\IT342_TechTrack_G5_Daal\backend\target\classes started by Wyben in C:\Users\Wyben\Documents\IT342_TechTrack_G5_Daal\backend)
2026-05-11T22:16:22.359+08:00  INFO 12916 --- [techtrack-backend] [           main] e.cit.daal.techtrack.BackendApplication  : No active profile set, falling back to 1 default profile: "default"
2026-05-11T22:16:22.805+08:00  INFO 12916 --- [techtrack-backend] [           main] .s.d.r.c.RepositoryConfigurationDelegate : Bootstrapping Spring Data JPA repositories in DEFAULT mode.
2026-05-11T22:16:22.867+08:00  INFO 12916 --- [techtrack-backend] [           main] .s.d.r.c.RepositoryConfigurationDelegate : Finished Spring Data repository scanning in 56 ms. Found 8 JPA repository interfaces.
2026-05-11T22:16:23.293+08:00  INFO 12916 --- [techtrack-backend] [           main] o.s.b.w.embedded.tomcat.TomcatWebServer  : Tomcat initialized with port 8080 (http)
2026-05-11T22:16:23.321+08:00  INFO 12916 --- [techtrack-backend] [           main] o.apache.catalina.core.StandardService   : Starting service [Tomcat]
2026-05-11T22:16:23.321+08:00  INFO 12916 --- [techtrack-backend] [           main] o.apache.catalina.core.StandardEngine    : Starting Servlet engine: [Apache Tomcat/10.1.41]
2026-05-11T22:16:23.353+08:00  INFO 12916 --- [techtrack-backend] [           main] o.a.c.c.C.[Tomcat].[localhost].[/]       : Initializing Spring embedded WebApplicationContext
2026-05-11T22:16:23.354+08:00  INFO 12916 --- [techtrack-backend] [           main] w.s.c.ServletWebServerApplicationContext : Root WebApplicationContext: initialization completed in 950 ms
2026-05-11T22:16:23.553+08:00  INFO 12916 --- [techtrack-backend] [           main] com.zaxxer.hikari.HikariDataSource       : TechTrackHikariPool - Starting...
2026-05-11T22:16:24.400+08:00  INFO 12916 --- [techtrack-backend] [           main] com.zaxxer.hikari.pool.HikariPool        : TechTrackHikariPool - Added connection org.postgresql.jdbc.PgConnection@73a845cb
2026-05-11T22:16:24.403+08:00  INFO 12916 --- [techtrack-backend] [           main] com.zaxxer.hikari.HikariDataSource       : TechTrackHikariPool - Start completed.
2026-05-11T22:16:24.498+08:00  INFO 12916 --- [techtrack-backend] [           main] org.flywaydb.core.FlywayExecutor         : Database: jdbc:postgresql://aws-1-ap-southeast-1.pooler.supabase.com:5432/postgres (PostgreSQL 17.6)
2026-05-11T22:16:25.412+08:00  INFO 12916 --- [techtrack-backend] [           main] o.f.core.internal.command.DbValidate     : Successfully validated 11 migrations (execution time 00:00.274s)
2026-05-11T22:16:26.113+08:00  INFO 12916 --- [techtrack-backend] [           main] o.f.core.internal.command.DbMigrate      : Current version of schema "public": 10
2026-05-11T22:16:26.196+08:00  INFO 12916 --- [techtrack-backend] [           main] o.f.core.internal.command.DbMigrate      : Schema "public" is up to date. No migration necessary.
2026-05-11T22:16:26.599+08:00  INFO 12916 --- [techtrack-backend] [           main] o.hibernate.jpa.internal.util.LogHelper  : HHH000204: Processing PersistenceUnitInfo [name: default]
2026-05-11T22:16:26.631+08:00  INFO 12916 --- [techtrack-backend] [           main] org.hibernate.Version                    : HHH000412: Hibernate ORM core version 6.6.15.Final
2026-05-11T22:16:26.651+08:00  INFO 12916 --- [techtrack-backend] [           main] o.h.c.internal.RegionFactoryInitiator    : HHH000026: Second-level cache disabled
2026-05-11T22:16:26.849+08:00  INFO 12916 --- [techtrack-backend] [           main] o.s.o.j.p.SpringPersistenceUnitInfo      : No LoadTimeWeaver setup: ignoring JPA class transformer
2026-05-11T22:16:26.941+08:00  WARN 12916 --- [techtrack-backend] [           main] org.hibernate.orm.deprecation            : HHH90000025: PostgreSQLDialect does not need to be specified explicitly using 'hibernate.dialect' (remove the property setting and it will be selected by default)
2026-05-11T22:16:27.059+08:00  INFO 12916 --- [techtrack-backend] [           main] org.hibernate.orm.connections.pooling    : HHH10001005: Database info:
	Database JDBC URL [Connecting through datasource 'HikariDataSource (TechTrackHikariPool)']
	Database driver: undefined/unknown
	Database version: 17.6
	Autocommit mode: undefined/unknown
	Isolation level: undefined/unknown
	Minimum pool size: undefined/unknown
	Maximum pool size: undefined/unknown
2026-05-11T22:16:27.927+08:00  INFO 12916 --- [techtrack-backend] [           main] o.h.e.t.j.p.i.JtaPlatformInitiator       : HHH000489: No JTA platform available (set 'hibernate.transaction.jta.platform' to enable JTA platform integration)
2026-05-11T22:16:27.929+08:00  INFO 12916 --- [techtrack-backend] [           main] j.LocalContainerEntityManagerFactoryBean : Initialized JPA EntityManagerFactory for persistence unit 'default'
2026-05-11T22:16:28.085+08:00  INFO 12916 --- [techtrack-backend] [           main] o.s.d.j.r.query.QueryEnhancerFactory     : Hibernate is in classpath; If applicable, HQL parser will be used.
2026-05-11T22:16:29.023+08:00  WARN 12916 --- [techtrack-backend] [           main] .s.s.UserDetailsServiceAutoConfiguration : 

Using generated security password: ebda3539-9cdd-47d7-a68e-0377d45d0cf1

This generated password is for development use only. Your security configuration must be updated before running your application in production.

2026-05-11T22:16:29.029+08:00  INFO 12916 --- [techtrack-backend] [           main] r$InitializeUserDetailsManagerConfigurer : Global AuthenticationManager configured with UserDetailsService bean with name inMemoryUserDetailsManager
2026-05-11T22:16:29.285+08:00  INFO 12916 --- [techtrack-backend] [           main] o.s.b.w.embedded.tomcat.TomcatWebServer  : Tomcat started on port 8080 (http) with context path '/'
2026-05-11T22:16:29.290+08:00  INFO 12916 --- [techtrack-backend] [           main] e.cit.daal.techtrack.BackendApplication  : Started BackendApplication in 7.192 seconds (process running for 7.479)
2026-05-11T22:16:59.421+08:00  INFO 12916 --- [techtrack-backend] [nio-8080-exec-1] o.a.c.c.C.[Tomcat].[localhost].[/]       : Initializing Spring DispatcherServlet 'dispatcherServlet'
2026-05-11T22:16:59.422+08:00  INFO 12916 --- [techtrack-backend] [nio-8080-exec-1] o.s.web.servlet.DispatcherServlet        : Initializing Servlet 'dispatcherServlet'
2026-05-11T22:16:59.424+08:00  INFO 12916 --- [techtrack-backend] [nio-8080-exec-1] o.s.web.servlet.DispatcherServlet        : Completed initialization in 2 ms
